// Jest Snapshot v1, https://goo.gl/fbAQLP

exports[`CountryDetailsSection component tests snapshot test 1`] = `
<div
  className="MuiPaper-root MuiTableContainer-root makeStyles-tableContainer-1 MuiPaper-elevation1 MuiPaper-rounded"
>
  <table
    aria-label="simple table"
    className="MuiTable-root makeStyles-table-2"
    role={null}
  >
    <thead
      className="MuiTableHead-root makeStyles-tableHead-3"
      role={null}
    >
      <tr
        className="MuiTableRow-root MuiTableRow-head"
        role={null}
      >
        <th
          aria-sort={null}
          className="MuiTableCell-root MuiTableCell-head"
          scope="col"
        >
          Country Flag
        </th>
        <th
          aria-sort={null}
          className="MuiTableCell-root MuiTableCell-head"
          scope="col"
        >
          Country Name
        </th>
        <th
          aria-sort={null}
          className="MuiTableCell-root MuiTableCell-head MuiTableCell-alignRight"
          scope="col"
        >
          Capital
        </th>
        <th
          aria-sort={null}
          className="MuiTableCell-root MuiTableCell-head MuiTableCell-alignRight"
          scope="col"
        >
          Population
        </th>
        <th
          aria-sort={null}
          className="MuiTableCell-root MuiTableCell-head MuiTableCell-alignRight"
          scope="col"
        >
          Currency
        </th>
        <th
          aria-sort={null}
          className="MuiTableCell-root MuiTableCell-head MuiTableCell-alignRight"
          scope="col"
        >
          Amount in Local Currency
        </th>
      </tr>
    </thead>
    <tbody
      className="MuiTableBody-root"
      role={null}
    >
      <tr
        className="MuiTableRow-root"
        role={null}
      >
        <td
          aria-sort={null}
          className="MuiTableCell-root MuiTableCell-body"
        >
          <span
            aria-hidden={true}
            className="material-icons MuiIcon-root"
          >
            <img
              alt=""
              className="makeStyles-flag-5"
              src="https://restcountries.eu/data/fra.svg"
            />
          </span>
        </td>
        <th
          aria-sort={null}
          className="MuiTableCell-root MuiTableCell-body"
          role="cell"
          scope="row"
        >
          France
        </th>
        <td
          aria-sort={null}
          className="MuiTableCell-root MuiTableCell-body MuiTableCell-alignRight"
        >
          Paris
        </td>
        <td
          aria-sort={null}
          className="MuiTableCell-root MuiTableCell-body MuiTableCell-alignRight"
        >
          66710000
        </td>
        <td
          aria-sort={null}
          className="MuiTableCell-root MuiTableCell-body MuiTableCell-alignRight"
        >
          Euro
        </td>
        <td
          aria-sort={null}
          className="MuiTableCell-root MuiTableCell-body MuiTableCell-alignRight"
        >
           € 9.90
        </td>
      </tr>
      <tr
        className="MuiTableRow-root"
        role={null}
      >
        <td
          aria-sort={null}
          className="MuiTableCell-root MuiTableCell-body"
        >
          <span
            aria-hidden={true}
            className="material-icons MuiIcon-root"
          >
            <img
              alt=""
              className="makeStyles-flag-5"
              src="https://restcountries.eu/data/pyf.svg"
            />
          </span>
        </td>
        <th
          aria-sort={null}
          className="MuiTableCell-root MuiTableCell-body"
          role="cell"
          scope="row"
        >
          French Polynesia
        </th>
        <td
          aria-sort={null}
          className="MuiTableCell-root MuiTableCell-body MuiTableCell-alignRight"
        >
          Papeetē
        </td>
        <td
          aria-sort={null}
          className="MuiTableCell-root MuiTableCell-body MuiTableCell-alignRight"
        >
          271800
        </td>
        <td
          aria-sort={null}
          className="MuiTableCell-root MuiTableCell-body MuiTableCell-alignRight"
        >
          CFP franc
        </td>
        <td
          aria-sort={null}
          className="MuiTableCell-root MuiTableCell-body MuiTableCell-alignRight"
        >
           Fr 1187.24
        </td>
      </tr>
    </tbody>
  </table>
</div>
`;
