// Jest Snapshot v1, https://goo.gl/fbAQLP

exports[`InputTextButtonCombo tests renders properly 1`] = `
Array [
  <div
    className="MuiFormControl-root MuiTextField-root makeStyles-inputField-1"
  >
    <label
      className="MuiFormLabel-root MuiInputLabel-root MuiInputLabel-formControl MuiInputLabel-animated MuiInputLabel-outlined"
      data-shrink={false}
      htmlFor="outlined-basic"
      id="outlined-basic-label"
    >
      Search Country
    </label>
    <div
      className="MuiInputBase-root MuiOutlinedInput-root MuiInputBase-formControl"
      onClick={[Function]}
    >
      <input
        aria-invalid={false}
        autoFocus={false}
        className="MuiInputBase-input MuiOutlinedInput-input"
        disabled={false}
        id="outlined-basic"
        onAnimationStart={[Function]}
        onBlur={[Function]}
        onChange={[Function]}
        onFocus={[Function]}
        required={false}
        type="text"
      />
      <fieldset
        aria-hidden={true}
        className="PrivateNotchedOutline-root-3 MuiOutlinedInput-notchedOutline"
      >
        <legend
          className="PrivateNotchedOutline-legendLabelled-5"
        >
          <span>
            Search Country
          </span>
        </legend>
      </fieldset>
    </div>
  </div>,
  <button
    className="MuiButtonBase-root MuiButton-root MuiButton-contained makeStyles-button-2 MuiButton-containedPrimary"
    disabled={false}
    onBlur={[Function]}
    onClick={[MockFunction]}
    onDragLeave={[Function]}
    onFocus={[Function]}
    onKeyDown={[Function]}
    onKeyUp={[Function]}
    onMouseDown={[Function]}
    onMouseLeave={[Function]}
    onMouseUp={[Function]}
    onTouchEnd={[Function]}
    onTouchMove={[Function]}
    onTouchStart={[Function]}
    tabIndex={0}
    type="button"
  >
    <span
      className="MuiButton-label"
    />
  </button>,
]
`;
